---
source: tests/jira_issues.rs
expression: items
---
[
    Transition {
        id: "21",
        name: "In Progress",
        to_status: "In Progress",
        required_fields: [],
    },
    Transition {
        id: "31",
        name: "Done",
        to_status: "Done",
        required_fields: [
            "resolution",
        ],
    },
]
